[rviz2-10] [INFO] [1720718099.471320568] [rviz]: Message Filter dropping message: frame 'odom' at time 1720718098.387 for reason 'discarding message because the queue is full'
[component_container_mt-5] I0711 13:14:59.473817 117503 dynamics_detection.cu:164] Allocating MonoImage for dynamics mask
[component_container_mt-5] I0711 13:14:59.473938 117503 dynamics_detection.cu:172] Allocating ColorImage for dynamics overlay
[component_container_mt-5] I0711 13:14:59.495920 117503 connected_components.cpp:129] Allocating MonoImage for connected components
[component_container_isolated-9] [INFO] [1720718099.502611957] [global_costmap.global_costmap]: Timed out waiting for transform from base_footprint to map to become available, tf error: Invalid frame ID "map" passed to canTransform argument target_frame - frame does not exist
[component_container_mt-5] I0711 13:14:59.506157 117503 image_masker.cu:335] Allocating image for unmasked output
[component_container_mt-5] I0711 13:14:59.506247 117503 image_masker.cu:341] Allocating image for masked output
[component_container_mt-5] I0711 13:14:59.506263 117503 image_masker.cu:347] Allocating image for overlay output
[component_container_mt-5] I0711 13:14:59.506279 117503 image_masker.cu:280] Allocating space for minimum depth image
[component_container_mt-5] I0711 13:14:59.540637 117503 mapper.cpp:218] Allocating space for last depth image
[rviz2-10] [INFO] [1720718099.569689591] [rviz]: Message Filter dropping message: frame 'laser' at time 1720718098.220 for reason 'discarding message because the queue is full'
[component_container_mt-5] [WARN] [1720718099.583098961] [nvblox_node]: Discarding depth frame: camera_depth_optical_frame. time_since_last: 0.0166971. Desired: 0.025
[component_container_mt-5] [INFO] [1720718099.584614313] [visual_slam_node]: Initializing cuVSLAM.
[component_container_mt-5]  11/07 13:14:59,644 WARNING [281469965625568] (messenger-libusb.cpp:42) control_transfer returned error, index: 768, error: Resource temporarily unavailable, number: 11
[component_container_mt-5]  11/07 13:14:59,655 WARNING [281469965625568] (messenger-libusb.cpp:42) control_transfer returned error, index: 768, error: Resource temporarily unavailable, number: 11
[component_container_mt-5] [INFO] [1720718099.659564993] [visual_slam_node]: Use use_gpu: true
[component_container_mt-5] [INFO] [1720718099.659686785] [visual_slam_node]: Enable IMU Fusion: true
[component_container_mt-5] [INFO] [1720718099.659709537] [visual_slam_node]: gyroscope_noise_density: 0.000244
[component_container_mt-5] [INFO] [1720718099.659730113] [visual_slam_node]: gyroscope_random_walk: 0.000019
[component_container_mt-5] [INFO] [1720718099.659746016] [visual_slam_node]: accelerometer_noise_density: 0.001862
[component_container_mt-5] [INFO] [1720718099.659762016] [visual_slam_node]: accelerometer_random_walk: 0.003000
[component_container_mt-5] [INFO] [1720718099.659866528] [visual_slam_node]: frequency: 200.000000
[component_container_mt-5]  11/07 13:14:59,666 WARNING [281469965625568] (messenger-libusb.cpp:42) control_transfer returned error, index: 768, error: Resource temporarily unavailable, number: 11
[component_container_mt-5]  11/07 13:14:59,679 WARNING [281469965625568] (messenger-libusb.cpp:42) control_transfer returned error, index: 768, error: Resource temporarily unavailable, number: 11
[component_container_mt-5]  11/07 13:14:59,691 WARNING [281469965625568] (messenger-libusb.cpp:42) control_transfer returned error, index: 768, error: Resource temporarily unavailable, number: 11
[rviz2-10] [INFO] [1720718099.700521483] [rviz]: Message Filter dropping message: frame 'laser' at time 1720718098.355 for reason 'discarding message because the queue is full'
[rviz2-10] [INFO] [1720718099.826977975] [rviz]: Message Filter dropping message: frame 'laser' at time 1720718098.478 for reason 'discarding message because the queue is full'
[component_container_mt-5] [INFO] [1720718099.848538662] [nvblox_node]: Dropped an item from: depth_queue. Size of queue: 9. Total number of dropped messages is: 1
[rviz2-10] [INFO] [1720718099.858725937] [rviz]: Message Filter dropping message: frame 'odom' at time 1720718098.489 for reason 'discarding message because the queue is full'
[rviz2-10] [INFO] [1720718099.891281959] [rviz]: Message Filter dropping message: frame 'odom' at time 1720718093.878 for reason 'discarding message because the queue is full'
[rviz2-10] [INFO] [1720718099.922718979] [rviz]: Message Filter dropping message: frame 'odom' at time 1720718098.402 for reason 'discarding message because the queue is full'
[rviz2-10] [INFO] [1720718099.954413278] [rviz]: Message Filter dropping message: frame 'laser' at time 1720718098.613 for reason 'discarding message because the queue is full'
[component_container_isolated-9] [WARN] [1720718099.970056076] [amcl]: AMCL cannot publish a pose or update the transform. Please set the initial pose...
[component_container_isolated-9] [INFO] [1720718100.003110335] [global_costmap.global_costmap]: Timed out waiting for transform from base_footprint to map to become available, tf error: Invalid frame ID "map" passed to canTransform argument target_frame - frame does not exist
[rviz2-10] [INFO] [1720718100.114157371] [rviz]: Message Filter dropping message: frame 'laser' at time 1720718098.749 for reason 'discarding message because the queue is full'
[rviz2-10] [INFO] [1720718100.129626123] [rviz2]: Setting estimate pose: Frame:map, Position(-0.054943, -0.163312, 0), Orientation(0, 0, -0.00710957, 0.999975) = Angle: -0.0142193
[component_container_isolated-9] [INFO] [1720718100.131209922] [amcl]: initialPoseReceived
[component_container_isolated-9] [WARN] [1720718100.131691744] [amcl]: Failed to transform initial pose in time (Lookup would require extrapolation into the future.  Requested time 1720718100.131480 but the latest data is at time 1720718100.099213, when looking up transform from frame [base_footprint] to frame [odom])
[component_container_isolated-9] [INFO] [1720718100.131780479] [amcl]: Setting pose (1720718100.131778): -0.055 -0.163 -0.014
[component_container_mt-5] [WARN] [1720718100.133710165] [camera.camera]: XXX Hardware Notification:Motion Module force pause,1.72072e+12,Error,Hardware Error
[component_container_mt-5] [WARN] [1720718100.133868372] [camera.camera]: Hardware Notification:Motion Module force pause,1.72072e+12,Error,Hardware Error
[rviz2-10] [INFO] [1720718100.242147999] [rviz]: Message Filter dropping message: frame 'laser' at time 1720718098.883 for reason 'discarding message because the queue is full'
[rviz2-10] [INFO] [1720718100.370081923] [rviz]: Message Filter dropping message: frame 'laser' at time 1720718099.018 for reason 'discarding message because the queue is full'
[rviz2-10] [INFO] [1720718100.497646025] [rviz]: Message Filter dropping message: frame 'laser' at time 1720718099.154 for reason 'discarding message because the queue is full'
[rviz2-10] [INFO] [1720718100.497928295] [rviz]: Message Filter dropping message: frame 'odom' at time 1720718094.476 for reason 'discarding message because the queue is full'
[component_container_isolated-9] [INFO] [1720718100.502729966] [global_costmap.global_costmap]: Timed out waiting for transform from base_footprint to map to become available, tf error: Lookup would require extrapolation into the past.  Requested time 1720718100.466904 but the earliest data is at time 1720718101.087501, when looking up transform from frame [base_footprint] to frame [map]
[rviz2-10] [INFO] [1720718100.625314702] [rviz]: Message Filter dropping message: frame 'laser' at time 1720718099.289 for reason 'discarding message because the queue is full'
[rviz2-10] [INFO] [1720718100.690077692] [rviz]: Message Filter dropping message: frame 'odom' at time 1720718098.590 for reason 'discarding message because the queue is full'
[rviz2-10] [INFO] [1720718100.755466470] [rviz]: Message Filter dropping message: frame 'laser' at time 1720718099.412 for reason 'discarding message because the queue is full'
[rviz2-10] [INFO] [1720718100.763262014] [rviz]: Message Filter dropping message: frame 'odom' at time 1720718098.504 for reason 'discarding message because the queue is full'
[rviz2-10] [INFO] [1720718100.918003862] [rviz]: Message Filter dropping message: frame 'laser' at time 1720718099.547 for reason 'discarding message because the queue is full'
[component_container_isolated-9] [INFO] [1720718101.002932378] [global_costmap.global_costmap]: Timed out waiting for transform from base_footprint to map to become available, tf error: Lookup would require extrapolation into the past.  Requested time 1720718100.996901 but the earliest data is at time 1720718101.087501, when looking up transform from frame [base_footprint] to frame [map]
[rviz2-10] [INFO] [1720718101.090803087] [rviz]: Message Filter dropping message: frame 'laser' at time 1720718099.682 for reason 'discarding message because the queue is full'
[rviz2-10] [INFO] [1720718101.091285069] [rviz]: Message Filter dropping message: frame 'odom' at time 1720718095.076 for reason 'discarding message because the queue is full'
[rviz2-10] [INFO] [1720718101.180307164] [rviz]: Message Filter dropping message: frame 'laser' at time 1720718099.816 for reason 'discarding message because the queue is full'
[component_container_mt-5] I0711 13:15:01.194814 117502 image_cache_impl.h:45] Allocating a new cached image
[rviz2-10] [ERROR] [1720718101.218171670] [rviz2]: Lookup would require extrapolation into the future.  Requested time 1720718101.289424 but the latest data is at time 1720718101.157268, when looking up transform from frame [laser] to frame [map]
[rviz2-10] [INFO] [1720718101.274144850] [rviz]: Message Filter dropping message: frame 'odom' at time 1720718098.705 for reason 'discarding message because the queue is full'
[component_container_mt-5] [INFO] [1720718101.320618143] [nvblox_node]: Dropped an item from: depth_queue. Size of queue: 9. Total number of dropped messages is: 4
[rviz2-10] [INFO] [1720718101.377716181] [rviz]: Message Filter dropping message: frame 'odom' at time 1720718098.610 for reason 'discarding message because the queue is full'
[component_container_isolated-9] [INFO] [1720718101.502991431] [global_costmap.global_costmap]: start
[component_container_isolated-9] [INFO] [1720718101.556286705] [planner_server]: Activating plugin GridBased of type NavfnPlanner
[component_container_isolated-9] [INFO] [1720718101.563098125] [planner_server]: Creating bond (planner_server) to lifecycle manager.
[rviz2-10] [INFO] [1720718101.576894725] [rviz2]: Trying to create a map of size 163 x 161 using 1 swatches
[rviz2-10] [INFO] [1720718101.595149382] [rviz]: Message Filter dropping message: frame 'laser' at time 1720718099.952 for reason 'discarding message because the queue is full'
[component_container_isolated-9] [INFO] [1720718101.668869797] [lifecycle_manager_navigation]: Server planner_server connected with bond.
[component_container_isolated-9] [INFO] [1720718101.669028964] [lifecycle_manager_navigation]: [34m[1mActivating behavior_server[0m[0m
[component_container_isolated-9] [INFO] [1720718101.669804128] [behavior_server]: Activating
[component_container_isolated-9] [INFO] [1720718101.669888831] [behavior_server]: Activating spin
[component_container_isolated-9] [INFO] [1720718101.669949599] [behavior_server]: Activating backup
[component_container_isolated-9] [INFO] [1720718101.669989311] [behavior_server]: Activating drive_on_heading
[component_container_isolated-9] [INFO] [1720718101.670019807] [behavior_server]: Activating assisted_teleop
[component_container_isolated-9] [INFO] [1720718101.670045055] [behavior_server]: Activating wait
[component_container_isolated-9] [INFO] [1720718101.670077886] [behavior_server]: Creating bond (behavior_server) to lifecycle manager.
[rviz2-10] [INFO] [1720718101.711689669] [rviz]: Message Filter dropping message: frame 'odom' at time 1720718095.676 for reason 'discarding message because the queue is full'
[rviz2-10] [INFO] [1720718101.743473439] [rviz2]: Trying to create a map of size 60 x 60 using 1 swatches
[component_container_isolated-9] [INFO] [1720718101.776903089] [lifecycle_manager_navigation]: Server behavior_server connected with bond.
[component_container_isolated-9] [INFO] [1720718101.778754023] [lifecycle_manager_navigation]: [34m[1mActivating bt_navigator[0m[0m
[component_container_isolated-9] [INFO] [1720718101.779652098] [bt_navigator]: Activating
[component_container_isolated-9] [INFO] [1720718102.019331871] [bt_navigator]: Creating bond (bt_navigator) to lifecycle manager.
[component_container_isolated-9] [INFO] [1720718102.131674740] [lifecycle_manager_navigation]: Server bt_navigator connected with bond.
[component_container_isolated-9] [INFO] [1720718102.131818547] [lifecycle_manager_navigation]: [34m[1mActivating waypoint_follower[0m[0m
[component_container_isolated-9] [INFO] [1720718102.132641583] [waypoint_follower]: Activating
[component_container_isolated-9] [INFO] [1720718102.132748398] [waypoint_follower]: Creating bond (waypoint_follower) to lifecycle manager.
[component_container_isolated-9] [INFO] [1720718102.242762800] [lifecycle_manager_navigation]: Server waypoint_follower connected with bond.
[component_container_isolated-9] [INFO] [1720718102.243008559] [lifecycle_manager_navigation]: [34m[1mActivating velocity_smoother[0m[0m
[component_container_isolated-9] [INFO] [1720718102.243800235] [velocity_smoother]: Activating
[component_container_isolated-9] [INFO] [1720718102.243967146] [velocity_smoother]: Creating bond (velocity_smoother) to lifecycle manager.
[component_container_isolated-9] [INFO] [1720718102.351234394] [lifecycle_manager_navigation]: Server velocity_smoother connected with bond.
[component_container_isolated-9] [INFO] [1720718102.351408697] [lifecycle_manager_navigation]: [34m[1mManaged nodes are active[0m[0m
[component_container_isolated-9] [INFO] [1720718102.351443321] [lifecycle_manager_navigation]: [34m[1mCreating bond timer...[0m[0m
[component_container_mt-5] [INFO] [1720718102.536617234] [nvblox_node]: Timing statistics: 
[component_container_mt-5] 
[component_container_mt-5] NVBlox Timings (in seconds)
[component_container_mt-5] namespace/tag - NumSamples - TotalTime - (Mean +- StdDev) - [Min,Max]
[component_container_mt-5] -----------
[component_container_mt-5] /esdf_slicer/get_aabb                                         	    144	00.000250	(00.000002 +- 00.000008)	[00.000000,00.000028]
[component_container_mt-5] /esdf_slicer/slice_layer                                      	      8	00.011718	(00.001465 +- 00.001857)	[00.000067,00.005321]
[component_container_mt-5] color/integrate                                               	      5	00.043331	(00.008666 +- 00.005807)	[00.002477,00.019164]
[component_container_mt-5] color/integrate/allocate_blocks                               	      5	00.016890	(00.003378 +- 00.006251)	[00.000051,00.015869]
[component_container_mt-5] color/integrate/get_blocks_in_view                            	      5	00.001034	(00.000207 +- 00.000238)	[00.000064,00.000678]
[component_container_mt-5] color/integrate/reduce_to_blocks_in_band                      	      5	00.003666	(00.000733 +- 00.000227)	[00.000430,00.001006]
[component_container_mt-5] color/integrate/sphere_trace                                  	      5	00.007543	(00.001509 +- 00.001244)	[00.000394,00.003920]
[component_container_mt-5] color/integrate/sphere_trace/hash_transfer                    	      5	00.000014	(00.000003 +- 00.000000)	[00.000002,00.000004]
[component_container_mt-5] color/integrate/transfer_blocks                               	      5	00.007608	(00.001522 +- 00.002567)	[00.000164,00.006654]
[component_container_mt-5] color/integrate/update_blocks                                 	      5	00.006150	(00.001230 +- 00.001002)	[00.000189,00.002872]
[component_container_mt-5] esdf/integrate/clear                                          	      8	00.010646	(00.001331 +- 00.001589)	[00.000285,00.004902]
[component_container_mt-5] esdf/integrate/clear/get_blocks                               	      8	00.002153	(00.000269 +- 00.000333)	[00.000085,00.001125]
[component_container_mt-5] esdf/integrate/compute/neighbor_bands                         	     23	00.018689	(00.000813 +- 00.001333)	[00.000104,00.005032]
[component_container_mt-5] esdf/integrate/compute/neighbor_bands/gpu_view                	     23	00.000018	(00.000001 +- 00.000001)	[00.000000,00.000003]
[component_container_mt-5] esdf/integrate/compute/swap                                   	     23	00.000016	(00.000001 +- 00.000001)	[00.000000,00.000003]
[component_container_mt-5] esdf/integrate/compute/sweep                                  	     23	00.001225	(00.000053 +- 00.000118)	[00.000006,00.000537]
[component_container_mt-5] esdf/integrate/mark_sites/pack_out                            	      8	00.010844	(00.001355 +- 00.001976)	[00.000085,00.005991]
[component_container_mt-5] esdf/integrate_slice                                          	    144	00.156380	(00.001086 +- 00.007672)	[00.000000,00.032314]
[component_container_mt-5] esdf/integrate_slice/compute                                  	      8	00.020223	(00.002528 +- 00.003736)	[00.000001,00.009506]
[component_container_mt-5] esdf/integrate_slice/mark_sites                               	      8	00.125130	(00.015641 +- 00.005459)	[00.009111,00.023249]
[component_container_mt-5] freespace/integrate                                           	     42	00.861439	(00.020510 +- 00.013602)	[00.000001,00.068927]
[component_container_mt-5] freespace/integrate/allocate                                  	     41	00.067263	(00.001641 +- 00.003350)	[00.000214,00.019894]
[component_container_mt-5] freespace/integrate/update_blocks                             	     41	00.793704	(00.019359 +- 00.011779)	[00.006030,00.049009]
[component_container_mt-5] gpu_hash/transfer                                             	     75	00.482484	(00.006433 +- 00.006598)	[00.000535,00.027390]
[component_container_mt-5] gpu_hash/transfer/reallocation                                	      4	00.020384	(00.005096 +- 00.004653)	[00.000692,00.011862]
[component_container_mt-5] image/remove_small_connected_components                       	     42	00.219040	(00.005215 +- 00.003975)	[00.000718,00.015688]
[component_container_mt-5] image/remove_small_connected_components/explore_component_loop	     42	00.024413	(00.000581 +- 00.000755)	[00.000249,00.004086]
[component_container_mt-5] image_masker/split_depth_image
[component_container_mt-5]                                	     42	00.176685	(00.004207 +- 00.003020)	[00.001999,00.012552]
[component_container_mt-5] mesh/gpu/get_meshable                                         	      4	00.006907	(00.001727 +- 00.001114)	[00.000738,00.003487]
[component_container_mt-5] mesh/gpu/integrate                                            	     39	00.151778	(00.003892 +- 00.011938)	[00.000002,00.050936]
[component_container_mt-5] mesh/gpu/mesh_blocks                                          	      4	00.143060	(00.035765 +- 00.010661)	[00.020266,00.048612]
[component_container_mt-5] mesh/gpu/mesh_blocks/block_allocation                         	      4	00.009860	(00.002465 +- 00.002785)	[00.000538,00.007277]
[component_container_mt-5] mesh/gpu/mesh_blocks/copy_out                                 	      4	00.007360	(00.001840 +- 00.002260)	[00.000244,00.005708]
[component_container_mt-5] mesh/gpu/mesh_blocks/kernel_table                             	      4	00.058316	(00.014579 +- 00.008654)	[00.002755,00.023031]
[component_container_mt-5] mesh/gpu/mesh_blocks/kernel_vertices                          	      4	00.006660	(00.001665 +- 00.000561)	[00.001069,00.002587]
[component_container_mt-5] mesh/gpu/mesh_blocks/prep                                     	      4	00.034928	(00.008732 +- 00.005482)	[00.002206,00.016658]
[component_container_mt-5] mesh/gpu/mesh_blocks/welding                                  	      4	00.025635	(00.006409 +- 00.002395)	[00.002507,00.008901]
[component_container_mt-5] occupancy/integrate                                           	     42	00.313791	(00.007471 +- 00.006875)	[00.001693,00.033321]
[component_container_mt-5] occupancy/integrate/allocate_blocks                           	     42	00.061982	(00.001476 +- 00.003895)	[00.000294,00.023123]
[component_container_mt-5] occupancy/integrate/get_blocks_in_view                        	     42	00.103644	(00.002468 +- 00.003263)	[00.000345,00.014349]
[component_container_mt-5] occupancy/integrate/transfer_blocks                           	     42	00.073191	(00.001743 +- 00.003337)	[00.000171,00.021280]
[component_container_mt-5] occupancy/integrate/update_blocks                             	     42	00.072689	(00.001731 +- 00.001696)	[00.000551,00.008033]
[component_container_mt-5] ros/clear_outside_radius                                      	     10	00.000016	(00.000002 +- 00.000001)	[00.000000,00.000004]
[component_container_mt-5] ros/color                                                     	     15	00.054043	(00.003603 +- 00.006371)	[00.000004,00.019953]
[component_container_mt-5] ros/color/conversion                                          	      5	00.010039	(00.002008 +- 00.003112)	[00.000172,00.008207]
[component_container_mt-5] ros/color/integrate                                           	      5	00.043549	(00.008710 +- 00.005813)	[00.002515,00.019221]
[component_container_mt-5] ros/color/transform                                           	     15	00.000326	(00.000022 +- 00.000028)	[00.000003,00.000115]
[component_container_mt-5] ros/color_image_callback                                      	     23	00.062044	(00.002698 +- 00.008831)	[00.000033,00.037503]
[component_container_mt-5] ros/combined_dynamic/esdf/output/compute                      	     72	00.018763	(00.000261 +- 00.002021)	[00.000008,00.014207]
[component_container_mt-5] ros/combined_dynamic/esdf/output/pointcloud                   	     66	00.020522	(00.000311 +- 00.000692)	[00.000099,00.004280]
[component_container_mt-5] ros/combined_dynamic/esdf/output/slice                        	     72	00.086579	(00.001202 +- 00.000415)	[00.000073,00.074835]
[component_container_mt-5] ros/decay_dynamic_occupancy                                   	     72	00.361898	(00.005026 +- 00.004248)	[00.000139,00.190142]
[component_container_mt-5] ros/decay_tsdf                                                	     40	00.175902	(00.004398 +- 00.006657)	[00.000155,00.034209]
[component_container_mt-5] ros/depth                                                     	     43	02.297896	(00.053439 +- 00.023842)	[00.002295,00.121548]
[component_container_mt-5] ros/depth/conversions                                         	     42	00.064294	(00.001531 +- 00.002306)	[00.000137,00.012545]
[component_container_mt-5] ros/depth/integrate                                           	     42	02.225848	(00.052996 +- 00.021732)	[00.019106,00.108863]
[component_container_mt-5] ros/depth/output/back_projected_depth                         	     42	00.000194	(00.000005 +- 00.000003)	[00.000003,00.000024]
[component_container_mt-5] ros/depth/output/dynamics                                     	     42	00.002365	(00.000056 +- 00.000195)	[00.000010,00.001264]
[component_container_mt-5] ros/depth/transform                                           	     43	00.003779	(00.000088 +- 00.000341)	[00.000013,00.002290]
[component_container_mt-5] ros/depth_image_callback                                      	     50	02.251141	(00.045023 +- 00.141543)	[00.000035,00.645482]
[component_container_mt-5] ros/esdf                                                      	     72	00.371089	(00.005154 +- 00.014240)	[00.000316,00.076713]
[component_container_mt-5] ros/esdf/integrate                                            	     72	00.239761	(00.003330 +- 00.011777)	[00.000069,00.056933]
[component_container_mt-5] ros/esdf/output                                               	     72	00.130847	(00.001817 +- 00.002911)	[00.000143,00.074942]
[component_container_mt-5] ros/idle                                                      	    705	06.344116	(00.008999 +- 00.003253)	[00.000190,00.021404]
[component_container_mt-5] ros/mesh                                                      	     39	00.306973	(00.007871 +- 00.021333)	[00.000147,00.097184]
[component_container_mt-5] ros/mesh/output                                               	     39	00.031193	(00.000800 +- 00.002772)	[00.000001,00.014587]
[component_container_mt-5] ros/mesh/update                                               	     39	00.274686	(00.007043 +- 00.018661)	[00.000142,00.082270]
[component_container_mt-5] ros/process_message_queue                                     	   1410	02.184644	(00.001549 +- 00.130217)	[00.000049,00.670460]
[component_container_mt-5] ros/publish_layer                                             	     70	00.073980	(00.001057 +- 00.004400)	[00.000029,00.026291]
[component_container_mt-5] ros/tick                                                      	    705	03.530741	(00.005008 +- 00.175941)	[00.000119,00.823250]
[component_container_mt-5] tsdf/integrate                                                	     42	00.291891	(00.006950 +- 00.005666)	[00.000922,00.022861]
[component_container_mt-5] tsdf/integrate/allocate_blocks                                	     42	00.061854	(00.001473 +- 00.002391)	[00.000153,00.011174]
[component_container_mt-5] tsdf/integrate/get_blocks_in_view                             	     42	00.121131	(00.002884 +- 00.002974)	[00.000311,00.013305]
[component_container_mt-5] tsdf/integrate/transfer_blocks                                	     42	00.057499	(00.001369 +- 00.001968)	[00.000115,00.007980]
[component_container_mt-5] tsdf/integrate/update_blocks                                  	     42	00.047302	(00.001126 +- 00.001223)	[00.000280,00.005059]
[component_container_mt-5] view_calculator/get_blocks_in_view_planes                     	      5	00.000002	(00.000000 +- 00.000000)	[00.000000,00.000001]
[component_container_mt-5] view_calculator/raycast                                       	     84	00.222832	(00.002653 +- 00.003176)	[00.000305,00.014345]
[component_container_mt-5] view_calculator/raycast/output                                	     84	00.043928	(00.000523 +- 00.001539)	[00.000058,00.009728]
[component_container_mt-5] view_calculator/raycast/raycast_pixels_kernel                 	     84	00.157211	(00.001872 +- 00.002433)	[00.000178,00.010281]
[component_container_mt-5] view_calculator/raycast/setup                                 	     84	00.020199	(00.000240 +- 00.000531)	[00.000016,00.004381]
[component_container_mt-5] -----------
[component_container_mt-5] 
[component_container_mt-5] [INFO] [1720718102.536979696] [nvblox_node]: Rates statistics: 
[component_container_mt-5] 
[component_container_mt-5] NVBlox Rates (in Hz)
[component_container_mt-5] namespace/tag - NumSamples (Window Length) - Mean 
[component_container_mt-5] -----------
[component_container_mt-5] ros/color               	5      	7.7
[component_container_mt-5] ros/mesh                	4      	1.9
[component_container_mt-5] ros/color_image_callback	23     	16.6
[component_container_mt-5] ros/depth               	42     	13.9
[component_container_mt-5] ros/depth_image_callback	50     	19.2
[component_container_mt-5] ros/update_esdf         	72     	7.5
[component_container_mt-5] mapper/stream_mesh      	39     	4.1
[component_container_mt-5] ros/tick                	100    	28.2
[component_container_mt-5] -----------
[component_container_mt-5] 
[component_container_mt-5] [INFO] [1720718102.537032527] [nvblox_node]: Delay statistics: 
[component_container_mt-5] 
[component_container_mt-5] NVBlox Delays
[component_container_mt-5] namespace/tag - NumSamples (Window Length) - Mean Delay (seconds) 
[component_container_mt-5] -----------
[component_container_mt-5] ros/color_image_integration	5      	0.797
[component_container_mt-5] ros/esdf_integration       	4      	0.571
[component_container_mt-5] ros/depth_image_integration	42     	0.462
[component_container_mt-5] ros/color_image_callback   	23     	0.192
[component_container_mt-5] ros/depth_image_callback   	50     	0.057
[component_container_mt-5] -----------
[component_container_mt-5] 
[component_container_mt-5] [INFO] [1720718102.712310044] [nvblox_node]: Dropped an item from: depth_queue. Size of queue: 9. Total number of dropped messages is: 7
[rviz2-10] [INFO] [1720718105.359731389] [rviz]: Message Filter dropping message: frame 'odom' at time 1720718096.276 for reason 'the timestamp on the message is earlier than all the data in the transform cache'
[rviz2-10] [INFO] [1720718106.060102741] [rviz]: Message Filter dropping message: frame 'odom' at time 1720718096.876 for reason 'the timestamp on the message is earlier than all the data in the transform cache'
[component_container_mt-5] [INFO] [1720718106.294058288] [visual_slam_node]: Time taken by CUVSLAM_CreateTracker(): 6.634154
[component_container_mt-5] [INFO] [1720718106.296667394] [visual_slam_node]: cuVSLAM tracker was successfully initialized.
[rviz2-10] [INFO] [1720718106.560867391] [rviz]: Message Filter dropping message: frame 'odom' at time 1720718097.479 for reason 'the timestamp on the message is earlier than all the data in the transform cache'
[component_container_mt-5] [WARN] [1720718106.702368924] [visual_slam_node]: Delta between current and previous frame [400.427008 ms] is above threshold [34.000000 ms]
[rviz2-10] [INFO] [1720718107.169834644] [rviz]: Message Filter dropping message: frame 'odom' at time 1720718098.079 for reason 'the timestamp on the message is earlier than all the data in the transform cache'
[rviz2-10] [INFO] [1720718107.761610242] [rviz]: Message Filter dropping message: frame 'odom' at time 1720718098.676 for reason 'the timestamp on the message is earlier than all the data in the transform cache'
[rviz2-10] [INFO] [1720718107.865588675] [rviz]: Message Filter dropping message: frame 'odom' at time 1720718098.816 for reason 'the timestamp on the message is earlier than all the data in the transform cache'
[rviz2-10] [INFO] [1720718107.865809986] [rviz]: Message Filter dropping message: frame 'odom' at time 1720718098.816 for reason 'the timestamp on the message is earlier than all the data in the transform cache'
[rviz2-10] [INFO] [1720718107.865920514] [rviz]: Message Filter dropping message: frame 'odom' at time 1720718098.716 for reason 'the timestamp on the message is earlier than all the data in the transform cache'
[rviz2-10] [INFO] [1720718108.060310059] [rviz]: Message Filter dropping message: frame 'odom' at time 1720718098.920 for reason 'the timestamp on the message is earlier than all the data in the transform cache'
[rviz2-10] [INFO] [1720718108.060598921] [rviz]: Message Filter dropping message: frame 'odom' at time 1720718098.921 for reason 'the timestamp on the message is earlier than all the data in the transform cache'
[rviz2-10] [INFO] [1720718108.159820611] [rviz]: Message Filter dropping message: frame 'odom' at time 1720718099.022 for reason 'the timestamp on the message is earlier than all the data in the transform cache'
[rviz2-10] [INFO] [1720718108.160022530] [rviz]: Message Filter dropping message: frame 'odom' at time 1720718099.023 for reason 'the timestamp on the message is earlier than all the data in the transform cache'
[rviz2-10] [INFO] [1720718108.258893598] [rviz]: Message Filter dropping message: frame 'odom' at time 1720718099.142 for reason 'the timestamp on the message is earlier than all the data in the transform cache'
[rviz2-10] [INFO] [1720718108.259089693] [rviz]: Message Filter dropping message: frame 'odom' at time 1720718099.143 for reason 'the timestamp on the message is earlier than all the data in the transform cache'
[rviz2-10] [INFO] [1720718108.374466115] [rviz]: Message Filter dropping message: frame 'odom' at time 1720718099.250 for reason 'the timestamp on the message is earlier than all the data in the transform cache'
[rviz2-10] [INFO] [1720718108.374912161] [rviz]: Message Filter dropping message: frame 'odom' at time 1720718099.276 for reason 'the timestamp on the message is earlier than all the data in the transform cache'
[rviz2-10] [INFO] [1720718108.375256735] [rviz]: Message Filter dropping message: frame 'odom' at time 1720718099.241 for reason 'the timestamp on the message is earlier than all the data in the transform cache'
[rviz2-10] [INFO] [1720718108.560215577] [rviz]: Message Filter dropping message: frame 'odom' at time 1720718099.450 for reason 'the timestamp on the message is earlier than all the data in the transform cache'
[rviz2-10] [INFO] [1720718108.560598647] [rviz]: Message Filter dropping message: frame 'odom' at time 1720718099.353 for reason 'the timestamp on the message is earlier than all the data in the transform cache'
[rviz2-10] [INFO] [1720718108.560723255] [rviz]: Message Filter dropping message: frame 'odom' at time 1720718099.354 for reason 'the timestamp on the message is earlier than all the data in the transform cache'
[rviz2-10] [INFO] [1720718108.959615252] [rviz]: Message Filter dropping message: frame 'odom' at time 1720718099.829 for reason 'the timestamp on the message is earlier than all the data in the transform cache'
[rviz2-10] [INFO] [1720718108.960402000] [rviz]: Message Filter dropping message: frame 'odom' at time 1720718099.829 for reason 'the timestamp on the message is earlier than all the data in the transform cache'
[rviz2-10] [INFO] [1720718108.960886670] [rviz]: Message Filter dropping message: frame 'odom' at time 1720718099.876 for reason 'the timestamp on the message is earlier than all the data in the transform cache'
[rviz2-10] [INFO] [1720718108.961282092] [rviz]: Message Filter dropping message: frame 'odom' at time 1720718099.826 for reason 'the timestamp on the message is earlier than all the data in the transform cache'
[rviz2-10] [INFO] [1720718109.059866217] [rviz]: Message Filter dropping message: frame 'odom' at time 1720718099.885 for reason 'the timestamp on the message is earlier than all the data in the transform cache'
[component_container_mt-5] [INFO] [1720718109.433617162] [nvblox_node]: Depth Statistics: 
[component_container_mt-5] avg=41.351493, min=0.926363, max=646.790510, std_dev=82.302664, count=242
[rviz2-10] [INFO] [1720718109.569562149] [rviz]: Message Filter dropping message: frame 'odom' at time 1720718100.476 for reason 'the timestamp on the message is earlier than all the data in the transform cache'
[rviz2-10] [INFO] [1720718109.759272678] [rviz]: Message Filter dropping message: frame 'odom' at time 1720718100.674 for reason 'the timestamp on the message is earlier than all the data in the transform cache'
[rviz2-10] [INFO] [1720718109.760026082] [rviz]: Message Filter dropping message: frame 'odom' at time 1720718100.674 for reason 'the timestamp on the message is earlier than all the data in the transform cache'
[rviz2-10] [INFO] [1720718109.760267201] [rviz]: Message Filter dropping message: frame 'odom' at time 1720718100.674 for reason 'the timestamp on the message is earlier than all the data in the transform cache'
[rviz2-10] [INFO] [1720718109.860216407] [rviz]: Message Filter dropping message: frame 'odom' at time 1720718100.720 for reason 'the timestamp on the message is earlier than all the data in the transform cache'
[rviz2-10] [INFO] [1720718110.159243615] [rviz]: Message Filter dropping message: frame 'odom' at time 1720718101.076 for reason 'the timestamp on the message is earlier than all the data in the transform cache'
[component_container_mt-5] [INFO] [1720718112.539509815] [nvblox_node]: Timing statistics: 
[component_container_mt-5] 
[component_container_mt-5] NVBlox Timings (in seconds)
[component_container_mt-5] namespace/tag - NumSamples - TotalTime - (Mean +- StdDev) - [Min,Max]
[component_container_mt-5] -----------
[component_container_mt-5] /esdf_slicer/get_aabb                                         	    244	00.002815	(00.000012 +- 00.000011)	[00.000000,00.000748]
[component_container_mt-5] /esdf_slicer/slice_layer                                      	    108	00.055780	(00.000516 +- 00.001058)	[00.000050,00.005897]
[component_container_mt-5] color/integrate                                               	     55	00.274842	(00.004997 +- 00.003545)	[00.000902,00.019164]
[component_container_mt-5] color/integrate/allocate_blocks                               	     55	00.040261	(00.000732 +- 00.000813)	[00.000025,00.015869]
[component_container_mt-5] color/integrate/get_blocks_in_view                            	     55	00.007057	(00.000128 +- 00.000254)	[00.000055,00.001836]
[component_container_mt-5] color/integrate/reduce_to_blocks_in_band                      	     55	00.071016	(00.001291 +- 00.001423)	[00.000214,00.006333]
[component_container_mt-5] color/integrate/sphere_trace                                  	     55	00.089717	(00.001631 +- 00.001788)	[00.000231,00.008451]
[component_container_mt-5] color/integrate/sphere_trace/hash_transfer                    	     55	00.046311	(00.000842 +- 00.001234)	[00.000001,00.004169]
[component_container_mt-5] color/integrate/transfer_blocks                               	     55	00.038566	(00.000701 +- 00.001123)	[00.000087,00.006654]
[component_container_mt-5] color/integrate/update_blocks                                 	     55	00.025769	(00.000469 +- 00.000659)	[00.000115,00.003837]
[component_container_mt-5] esdf/integrate/clear                                          	    108	00.085396	(00.000791 +- 00.001025)	[00.000153,00.005375]
[component_container_mt-5] esdf/integrate/clear/get_blocks                               	    108	00.012382	(00.000115 +- 00.000041)	[00.000024,00.001253]
[component_container_mt-5] esdf/integrate/compute/neighbor_bands                         	    240	00.091528	(00.000381 +- 00.000286)	[00.000068,00.005032]
[component_container_mt-5] esdf/integrate/compute/neighbor_bands/gpu_view                	    240	00.000117	(00.000000 +- 00.000000)	[00.000000,00.000004]
[component_container_mt-5] esdf/integrate/compute/swap                                   	    240	00.000126	(00.000001 +- 00.000000)	[00.000000,00.000003]
[component_container_mt-5] esdf/integrate/compute/sweep                                  	    240	00.010767	(00.000045 +- 00.000019)	[00.000005,00.005147]
[component_container_mt-5] esdf/integrate/mark_sites/pack_out                            	    108	00.053431	(00.000495 +- 00.001016)	[00.000045,00.005991]
[component_container_mt-5] esdf/integrate_slice                                          	    244	00.800234	(00.003280 +- 00.003448)	[00.000000,00.032314]
[component_container_mt-5] esdf/integrate_slice/compute                                  	    108	00.112133	(00.001038 +- 00.000817)	[00.000001,00.013165]
[component_container_mt-5] esdf/integrate_slice/mark_sites                               	    108	00.601160	(00.005566 +- 00.003057)	[00.000239,00.023691]
[component_container_mt-5] freespace/integrate                                           	    322	03.343026	(00.010382 +- 00.002726)	[00.000001,00.068927]
[component_container_mt-5] freespace/integrate/allocate                                  	    321	00.246232	(00.000767 +- 00.000952)	[00.000198,00.019894]
[component_container_mt-5] freespace/integrate/update_blocks                             	    321	03.093707	(00.009638 +- 00.002447)	[00.003472,00.049009]
[component_container_mt-5] gpu_hash/transfer                                             	    595	01.614612	(00.002714 +- 00.001401)	[00.000411,00.027390]
[component_container_mt-5] gpu_hash/transfer/reallocation                                	      4	00.020384	(00.005096 +- 00.004653)	[00.000692,00.011862]
[component_container_mt-5] image/remove_small_connected_components                       	    322	00.790133	(00.002454 +- 00.001932)	[00.000604,00.015688]
[component_container_mt-5] image/remove_small_connected_components/explore_component_loop	    322	00.130285	(00.000405 +- 00.000348)	[00.000231,00.004086]
[component_container_mt-5] image_masker/split_depth_image
[component_container_mt-5]                                	    322	00.690588	(00.002145 +- 00.001073)	[00.001125,00.012552]
[component_container_mt-5] mesh/gpu/get_meshable                                         	     40	00.048154	(00.001204 +- 00.001019)	[00.000316,00.003487]
[component_container_mt-5] mesh/gpu/integrate                                            	     75	01.009111	(00.013455 +- 00.016371)	[00.000002,00.095495]
[component_container_mt-5] mesh/gpu/mesh_blocks                                          	     40	00.943074	(00.023577 +- 00.014206)	[00.010990,00.092017]
[component_container_mt-5] mesh/gpu/mesh_blocks/block_allocation                         	     40	00.037743	(00.000944 +- 00.001346)	[00.000269,00.007277]
[component_container_mt-5] mesh/gpu/mesh_blocks/copy_out                                 	     40	00.041582	(00.001040 +- 00.001917)	[00.000069,00.009391]
[component_container_mt-5] mesh/gpu/mesh_blocks/kernel_table                             	     40	00.404777	(00.010119 +- 00.004822)	[00.002755,00.023031]
[component_container_mt-5] mesh/gpu/mesh_blocks/kernel_vertices                          	     40	00.077934	(00.001948 +- 00.001392)	[00.000938,00.007784]
[component_container_mt-5] mesh/gpu/mesh_blocks/prep                                     	     40	00.159008	(00.003975 +- 00.009527)	[00.000464,00.059284]
[component_container_mt-5] mesh/gpu/mesh_blocks/welding                                  	     40	00.219618	(00.005490 +- 00.001823)	[00.002507,00.009478]
[component_container_mt-5] occupancy/integrate                                           	    322	01.109681	(00.003446 +- 00.002046)	[00.001032,00.033321]
[component_container_mt-5] occupancy/integrate/allocate_blocks                           	    322	00.209343	(00.000650 +- 00.000613)	[00.000281,00.023123]
[component_container_mt-5] occupancy/integrate/get_blocks_in_view                        	    322	00.351952	(00.001093 +- 00.001143)	[00.000218,00.014349]
[component_container_mt-5] occupancy/integrate/transfer_blocks                           	    322	00.255453	(00.000793 +- 00.000810)	[00.000131,00.021280]
[component_container_mt-5] occupancy/integrate/update_blocks                             	    322	00.279891	(00.000869 +- 00.000916)	[00.000352,00.008033]
[component_container_mt-5] ros/clear_outside_radius                                      	     19	00.000034	(00.000002 +- 00.000001)	[00.000000,00.000004]
[component_container_mt-5] ros/color                                                     	    178	00.330744	(00.001858 +- 00.003135)	[00.000004,00.019953]
[component_container_mt-5] ros/color/conversion                                          	     55	00.050108	(00.000911 +- 00.001080)	[00.000109,00.008207]
[component_container_mt-5] ros/color/integrate                                           	     55	00.276675	(00.005030 +- 00.003548)	[00.000922,00.019221]
[component_container_mt-5] ros/color/transform                                           	    178	00.003189	(00.000018 +- 00.000015)	[00.000003,00.001040]
[component_container_mt-5] ros/color_image_callback                                      	    178	00.168413	(00.000946 +- 00.001871)	[00.000029,00.037503]
[component_container_mt-5] ros/combined_dynamic/esdf/output/compute                      	    122	00.079436	(00.000651 +- 00.001547)	[00.000008,00.014207]
[component_container_mt-5] ros/combined_dynamic/esdf/output/pointcloud                   	    116	00.073501	(00.000634 +- 00.000793)	[00.000099,00.004876]
[component_container_mt-5] ros/combined_dynamic/esdf/output/slice                        	    122	00.107816	(00.000884 +- 00.000337)	[00.000073,00.074835]
[component_container_mt-5] ros/decay_dynamic_occupancy                                   	    122	00.496986	(00.004074 +- 00.001556)	[00.000139,00.190142]
[component_container_mt-5] ros/decay_tsdf                                                	     76	00.318415	(00.004190 +- 00.006304)	[00.000155,00.034209]
[component_container_mt-5] ros/depth                                                     	    323	08.738892	(00.027055 +- 00.004634)	[00.002295,00.121548]
[component_container_mt-5] ros/depth/conversions                                         	    322	00.245372	(00.000762 +- 00.000852)	[00.000097,00.012545]
[component_container_mt-5] ros/depth/integrate                                           	    322	08.468550	(00.026300 +- 00.004581)	[00.008985,00.108863]
[component_container_mt-5] ros/depth/output/back_projected_depth                         	    322	00.001602	(00.000005 +- 00.000002)	[00.000002,00.000152]
[component_container_mt-5] ros/depth/output/dynamics                                     	    322	00.006545	(00.000020 +- 00.000005)	[00.000007,00.001264]
[component_container_mt-5] ros/depth/transform                                           	    323	00.009017	(00.000028 +- 00.000009)	[00.000012,00.002290]
[component_container_mt-5] ros/depth_image_callback                                      	    336	07.871139	(00.023426 +- 00.023833)	[00.000026,00.645482]
[component_container_mt-5] ros/esdf                                                      	    122	01.210630	(00.009923 +- 00.007587)	[00.000316,00.076713]
[component_container_mt-5] ros/esdf/integrate                                            	    122	00.937213	(00.007682 +- 00.007557)	[00.000069,00.056933]
[component_container_mt-5] ros/esdf/output                                               	    122	00.272458	(00.002233 +- 00.002093)	[00.000143,00.074942]
[component_container_mt-5] ros/idle                                                      	    774	06.432851	(00.008311 +- 00.001369)	[00.000190,00.021404]
[component_container_mt-5] ros/mesh                                                      	     75	01.778137	(00.023708 +- 00.025125)	[00.000147,00.134912]
[component_container_mt-5] ros/mesh/output                                               	     75	00.354530	(00.004727 +- 00.004949)	[00.000001,00.026340]
[component_container_mt-5] ros/mesh/update                                               	     75	01.408602	(00.018781 +- 00.022281)	[00.000142,00.128567]
[component_container_mt-5] ros/process_message_queue                                     	   1549	09.684033	(00.006252 +- 00.032078)	[00.000049,00.670460]
[component_container_mt-5] ros/publish_layer                                             	    122	00.408889	(00.003352 +- 00.002009)	[00.000029,00.026291]
[component_container_mt-5] ros/tick                                                      	    774	13.964056	(00.018041 +- 00.037669)	[00.000119,00.823250]
[component_container_mt-5] tsdf/integrate                                                	    322	01.194004	(00.003708 +- 00.002809)	[00.000648,00.022861]
[component_container_mt-5] tsdf/integrate/allocate_blocks                                	    322	00.229890	(00.000714 +- 00.000786)	[00.000139,00.011174]
[component_container_mt-5] tsdf/integrate/get_blocks_in_view                             	    322	00.518084	(00.001609 +- 00.002018)	[00.000192,00.013305]
[component_container_mt-5] tsdf/integrate/transfer_blocks                                	    322	00.230992	(00.000717 +- 00.000884)	[00.000100,00.007980]
[component_container_mt-5] tsdf/integrate/update_blocks                                  	    322	00.202332	(00.000628 +- 00.000746)	[00.000183,00.006069]
[component_container_mt-5] view_calculator/get_blocks_in_view_planes                     	     55	00.000024	(00.000000 +- 00.000000)	[00.000000,00.000001]
[component_container_mt-5] view_calculator/raycast                                       	    644	00.865499	(00.001344 +- 00.000873)	[00.000187,00.014345]
[component_container_mt-5] view_calculator/raycast/output                                	    644	00.132208	(00.000205 +- 00.000235)	[00.000046,00.009728]
[component_container_mt-5] view_calculator/raycast/raycast_pixels_kernel                 	    644	00.674007	(00.001047 +- 00.000837)	[00.000096,00.012960]
[component_container_mt-5] view_calculator/raycast/setup                                 	    644	00.051528	(00.000080 +- 00.000107)	[00.000011,00.004381]
[component_container_mt-5] -----------
[component_container_mt-5] 
[component_container_mt-5] [INFO] [1720718112.539910037] [nvblox_node]: Rates statistics: 
[component_container_mt-5] 
[component_container_mt-5] NVBlox Rates (in Hz)
[component_container_mt-5] namespace/tag - NumSamples (Window Length) - Mean 
[component_container_mt-5] -----------
[component_container_mt-5] ros/color               	55     	4.8
[component_container_mt-5] ros/mesh                	40     	3.2
[component_container_mt-5] ros/color_image_callback	100    	15.3
[component_container_mt-5] ros/depth               	100    	30.5
[component_container_mt-5] ros/depth_image_callback	100    	30.7
[component_container_mt-5] ros/update_esdf         	100    	5.6
[component_container_mt-5] mapper/stream_mesh      	75     	3.8
[component_container_mt-5] ros/tick                	100    	7.5
[component_container_mt-5] -----------
[component_container_mt-5] 
[component_container_mt-5] [INFO] [1720718112.539961813] [nvblox_node]: Delay statistics: 
[component_container_mt-5] 
[component_container_mt-5] NVBlox Delays
[component_container_mt-5] namespace/tag - NumSamples (Window Length) - Mean Delay (seconds) 
[component_container_mt-5] -----------
[component_container_mt-5] ros/color_image_integration	55     	0.398
[component_container_mt-5] ros/esdf_integration       	54     	0.216
[component_container_mt-5] ros/depth_image_integration	100    	0.112
